[INFO] Scanning for projects...
[INFO] 
[INFO] --------------------< com.example:employee-payroll >--------------------
[INFO] Building employee-payroll 0.0.1-SNAPSHOT
[INFO]   from pom.xml
[INFO] --------------------------------[ jar ]---------------------------------
[INFO] 
[INFO] --- clean:3.5.0:clean (default-clean) @ employee-payroll ---
[INFO] Deleting D:\employee_payroll\backend\target
[INFO] 
[INFO] --- resources:3.3.1:resources (default-resources) @ employee-payroll ---
[INFO] Copying 1 resource from src\main\resources to target\classes
[INFO] Copying 0 resource from src\main\resources to target\classes
[INFO] 
[INFO] --- compiler:3.14.1:compile (default-compile) @ employee-payroll ---
[INFO] Recompiling the module because of changed source code.
[INFO] Compiling 21 source files with javac [debug parameters release 17] to target\classes
[INFO] -------------------------------------------------------------
[ERROR] COMPILATION ERROR : 
[INFO] -------------------------------------------------------------
[ERROR] /D:/employee_payroll/backend/src/main/java/com/example/payroll/security/WebSecurityConfig.java:[44,50] constructor DaoAuthenticationProvider in class org.springframework.security.authentication.dao.DaoAuthenticationProvider cannot be applied to given types;
  required: org.springframework.security.core.userdetails.UserDetailsService
  found:    no arguments
  reason: actual and formal argument lists differ in length
[ERROR] /D:/employee_payroll/backend/src/main/java/com/example/payroll/security/WebSecurityConfig.java:[45,21] cannot find symbol
  symbol:   method setUserDetailsService(com.example.payroll.security.services.UserDetailsServiceImpl)
  location: variable authProvider of type org.springframework.security.authentication.dao.DaoAuthenticationProvider
[INFO] 2 errors 
[INFO] -------------------------------------------------------------
[INFO] ------------------------------------------------------------------------
[INFO] BUILD FAILURE
[INFO] ------------------------------------------------------------------------
[INFO] Total time:  3.377 s
[INFO] Finished at: 2026-04-03T23:01:50+05:30
[INFO] ------------------------------------------------------------------------
[ERROR] Failed to execute goal org.apache.maven.plugins:maven-compiler-plugin:3.14.1:compile (default-compile) on project employee-payroll: Compilation failure: Compilation failure: 
[ERROR] /D:/employee_payroll/backend/src/main/java/com/example/payroll/security/WebSecurityConfig.java:[44,50] constructor DaoAuthenticationProvider in class org.springframework.security.authentication.dao.DaoAuthenticationProvider cannot be applied to given types;
[ERROR]   required: org.springframework.security.core.userdetails.UserDetailsService
[ERROR]   found:    no arguments
[ERROR]   reason: actual and formal argument lists differ in length
[ERROR] /D:/employee_payroll/backend/src/main/java/com/example/payroll/security/WebSecurityConfig.java:[45,21] cannot find symbol
[ERROR]   symbol:   method setUserDetailsService(com.example.payroll.security.services.UserDetailsServiceImpl)
[ERROR]   location: variable authProvider of type org.springframework.security.authentication.dao.DaoAuthenticationProvider
[ERROR] -> [Help 1]
[ERROR] 
[ERROR] To see the full stack trace of the errors, re-run Maven with the -e switch.
[ERROR] Re-run Maven using the -X switch to enable full debug logging.
[ERROR] 
[ERROR] For more information about the errors and possible solutions, please read the following articles:
[ERROR] [Help 1] http://cwiki.apache.org/confluence/display/MAVEN/MojoFailureException
